 SROTED ARRAY:
   1.00000000    
   2.00000000    
   3.00000000    
   4.00000000    
   6.00000000    
   7.00000000    
   9.00000000    
   12.0000000    
